2026-09-02T03:44:04.9924636Z Current runner version: '2.336.0'
2026-09-02T03:44:04.9951041Z ##[group]Runner Image Provisioner
2026-09-02T03:44:04.9951960Z Hosted Compute Agent
2026-09-02T03:44:04.9952680Z Version: 20260819.586
2026-09-02T03:44:04.9953347Z Commit: 3cc4a88dfa507ef76119ad1bb3eccc6378bb2b76
2026-09-02T03:44:04.9954071Z Build Date: 2026-08-18T23:20:18Z
2026-09-02T03:44:04.9954839Z Worker ID: {15bebe21-b927-4eab-b69d-ace325452ad0}
2026-09-02T03:44:04.9955571Z Azure Region: westus
2026-09-02T03:44:04.9956172Z ##[endgroup]
2026-09-02T03:44:04.9957667Z ##[group]Operating System
2026-09-02T03:44:04.9958561Z Ubuntu
2026-09-02T03:44:04.9959570Z 24.04.4
2026-09-02T03:44:04.9960164Z LTS
2026-09-02T03:44:04.9960754Z ##[endgroup]
2026-09-02T03:44:04.9961381Z ##[group]Runner Image
2026-09-02T03:44:04.9962014Z Image: ubuntu-24.04
2026-09-02T03:44:04.9962646Z Version: 20260823.283.1
2026-09-02T03:44:04.9963904Z Included Software: https://github.com/actions/runner-images/blob/ubuntu24/20260823.283/images/ubuntu/Ubuntu2404-Readme.md
2026-09-02T03:44:04.9965534Z Image Release: https://github.com/actions/runner-images/releases/tag/ubuntu24%2F20260823.283
2026-09-02T03:44:04.9966500Z ##[endgroup]
2026-09-02T03:44:04.9968171Z ##[group]GITHUB_TOKEN Permissions
2026-09-02T03:44:04.9970189Z Contents: read
2026-09-02T03:44:04.9970928Z Metadata: read
2026-09-02T03:44:04.9971529Z Packages: read
2026-09-02T03:44:04.9972092Z ##[endgroup]
2026-09-02T03:44:04.9974361Z Secret source: Actions
2026-09-02T03:44:04.9975484Z Prepare workflow directory
2026-09-02T03:44:05.0330990Z Prepare all required actions
2026-09-02T03:44:05.0383615Z Getting action download info
2026-09-02T03:44:05.3793813Z Download action repository 'actions/checkout@v4' (SHA:11d5960a326750d5838078e36cf38b85af677262)
2026-09-02T03:44:05.5184383Z Download action repository 'actions/setup-python@v5' (SHA:a26af69be951a213d495a4c3e4e4022e16d87065)
2026-09-02T03:44:05.7080585Z Complete job name: OPA Policy Integration (Real Server)
2026-09-02T03:44:05.8027464Z Node 20 is being deprecated. This workflow is running with Node 24 by default. If you need to temporarily use Node 20, you can set the ACTIONS_ALLOW_USE_UNSECURE_NODE_VERSION=true environment variable. For more information see: https://github.blog/changelog/2025-09-19-deprecation-of-node-20-on-github-actions-runners/
2026-09-02T03:44:05.8037146Z ##[group]Run actions/checkout@v4
2026-09-02T03:44:05.8038244Z with:
2026-09-02T03:44:05.8039031Z   repository: ceyptoslim/CUSTOS-CORE
2026-09-02T03:44:05.8045340Z   token: ***
2026-09-02T03:44:05.8045831Z   ssh-strict: true
2026-09-02T03:44:05.8046289Z   ssh-user: git
2026-09-02T03:44:05.8046751Z   persist-credentials: true
2026-09-02T03:44:05.8047252Z   clean: true
2026-09-02T03:44:05.8047976Z   sparse-checkout-cone-mode: true
2026-09-02T03:44:05.8048573Z   fetch-depth: 1
2026-09-02T03:44:05.8049011Z   fetch-tags: false
2026-09-02T03:44:05.8049466Z   show-progress: true
2026-09-02T03:44:05.8049915Z   lfs: false
2026-09-02T03:44:05.8050362Z   submodules: false
2026-09-02T03:44:05.8050817Z   set-safe-directory: true
2026-09-02T03:44:05.8051330Z   allow-unsafe-pr-checkout: false
2026-09-02T03:44:05.8052256Z ##[endgroup]
2026-09-02T03:44:05.9126149Z Syncing repository: ceyptoslim/CUSTOS-CORE
2026-09-02T03:44:05.9128479Z ##[group]Getting Git version info
2026-09-02T03:44:05.9129813Z Working directory is '/home/runner/work/CUSTOS-CORE/CUSTOS-CORE'
2026-09-02T03:44:05.9141631Z [command]/usr/bin/git version
2026-09-02T03:44:05.9282340Z git version 2.55.0
2026-09-02T03:44:05.9320171Z ##[endgroup]
2026-09-02T03:44:05.9328929Z Temporarily overriding HOME='/home/runner/work/_temp/7fffaea9-864b-4a66-8654-2aa231ecbb3a' before making global git config changes
2026-09-02T03:44:05.9331578Z Adding repository directory to the temporary git global config as a safe directory
2026-09-02T03:44:05.9333590Z [command]/usr/bin/git config --global --add safe.directory /home/runner/work/CUSTOS-CORE/CUSTOS-CORE
2026-09-02T03:44:05.9393092Z Deleting the contents of '/home/runner/work/CUSTOS-CORE/CUSTOS-CORE'
2026-09-02T03:44:05.9398260Z ##[group]Initializing the repository
2026-09-02T03:44:05.9405044Z [command]/usr/bin/git init /home/runner/work/CUSTOS-CORE/CUSTOS-CORE
2026-09-02T03:44:05.9542231Z hint: Using 'master' as the name for the initial branch. This default branch name
2026-09-02T03:44:05.9544577Z hint: will change to "main" in Git 3.0. To configure the initial branch name
2026-09-02T03:44:05.9546948Z hint: to use in all of your new repositories, which will suppress this warning,
2026-09-02T03:44:05.9549305Z hint: call:
2026-09-02T03:44:05.9550427Z hint:
2026-09-02T03:44:05.9551706Z hint: 	git config --global init.defaultBranch <name>
2026-09-02T03:44:05.9553261Z hint:
2026-09-02T03:44:05.9554718Z hint: Names commonly chosen instead of 'master' are 'main', 'trunk' and
2026-09-02T03:44:05.9556814Z hint: 'development'. The just-created branch can be renamed via this command:
2026-09-02T03:44:05.9569392Z hint:
2026-09-02T03:44:05.9570589Z hint: 	git branch -m <name>
2026-09-02T03:44:05.9571759Z hint:
2026-09-02T03:44:05.9573151Z hint: Disable this message with "git config set advice.defaultBranchName false"
2026-09-02T03:44:05.9575877Z Initialized empty Git repository in /home/runner/work/CUSTOS-CORE/CUSTOS-CORE/.git/
2026-09-02T03:44:05.9579822Z [command]/usr/bin/git remote add origin https://github.com/ceyptoslim/CUSTOS-CORE
2026-09-02T03:44:05.9632442Z ##[endgroup]
2026-09-02T03:44:05.9634017Z ##[group]Disabling automatic garbage collection
2026-09-02T03:44:05.9637654Z [command]/usr/bin/git config --local gc.auto 0
2026-09-02T03:44:05.9675855Z ##[endgroup]
2026-09-02T03:44:05.9677549Z ##[group]Setting up auth
2026-09-02T03:44:05.9685772Z [command]/usr/bin/git config --local --name-only --get-regexp core\.sshCommand
2026-09-02T03:44:05.9739190Z [command]/usr/bin/git submodule foreach --recursive sh -c "git config --local --name-only --get-regexp 'core\.sshCommand' && git config --local --unset-all 'core.sshCommand' || :"
2026-09-02T03:44:06.0167950Z [command]/usr/bin/git config --local --name-only --get-regexp http\.https\:\/\/github\.com\/\.extraheader
2026-09-02T03:44:06.0206366Z [command]/usr/bin/git submodule foreach --recursive sh -c "git config --local --name-only --get-regexp 'http\.https\:\/\/github\.com\/\.extraheader' && git config --local --unset-all 'http.https://github.com/.extraheader' || :"
2026-09-02T03:44:06.0440229Z [command]/usr/bin/git config --local --name-only --get-regexp ^includeIf\.gitdir:
2026-09-02T03:44:06.0484133Z [command]/usr/bin/git submodule foreach --recursive git config --local --show-origin --name-only --get-regexp remote.origin.url
2026-09-02T03:44:06.0751799Z [command]/usr/bin/git config --local http.https://github.com/.extraheader AUTHORIZATION: basic ***
2026-09-02T03:44:06.0799254Z ##[endgroup]
2026-09-02T03:44:06.0801408Z ##[group]Fetching the repository
2026-09-02T03:44:06.0812540Z [command]/usr/bin/git -c protocol.version=2 fetch --no-tags --prune --no-recurse-submodules --depth=1 origin +ab7021a89bdc28e924e6530399b49d55ffcecbde:refs/remotes/origin/main
2026-09-02T03:44:06.5320054Z From https://github.com/ceyptoslim/CUSTOS-CORE
2026-09-02T03:44:06.5321097Z  * [new ref]         ab7021a89bdc28e924e6530399b49d55ffcecbde -> origin/main
2026-09-02T03:44:06.5333939Z ##[endgroup]
2026-09-02T03:44:06.5334835Z ##[group]Determining the checkout info
2026-09-02T03:44:06.5335804Z ##[endgroup]
2026-09-02T03:44:06.5338651Z [command]/usr/bin/git sparse-checkout disable
2026-09-02T03:44:06.5396360Z [command]/usr/bin/git config --local --unset-all extensions.worktreeConfig
2026-09-02T03:44:06.5431590Z ##[group]Checking out the ref
2026-09-02T03:44:06.5437518Z [command]/usr/bin/git checkout --progress --force -B main refs/remotes/origin/main
2026-09-02T03:44:06.5568964Z Switched to a new branch 'main'
2026-09-02T03:44:06.5570656Z branch 'main' set up to track 'origin/main'.
2026-09-02T03:44:06.5583161Z ##[endgroup]
2026-09-02T03:44:06.5648211Z [command]/usr/bin/git log -1 --format=%H
2026-09-02T03:44:06.5680482Z ab7021a89bdc28e924e6530399b49d55ffcecbde
2026-09-02T03:44:06.6044822Z Node 20 is being deprecated. This workflow is running with Node 24 by default. If you need to temporarily use Node 20, you can set the ACTIONS_ALLOW_USE_UNSECURE_NODE_VERSION=true environment variable. For more information see: https://github.blog/changelog/2025-09-19-deprecation-of-node-20-on-github-actions-runners/
2026-09-02T03:44:06.6049215Z ##[group]Run actions/setup-python@v5
2026-09-02T03:44:06.6050183Z with:
2026-09-02T03:44:06.6050948Z   python-version: 3.12
2026-09-02T03:44:06.6051806Z   check-latest: false
2026-09-02T03:44:06.6057013Z   token: ***
2026-09-02T03:44:06.6057961Z   update-environment: true
2026-09-02T03:44:06.6058872Z   allow-prereleases: false
2026-09-02T03:44:06.6059767Z   freethreaded: false
2026-09-02T03:44:06.6060603Z ##[endgroup]
2026-09-02T03:44:06.7451685Z ##[group]Installed versions
2026-09-02T03:44:06.7550826Z (node:2242) [DEP0040] DeprecationWarning: The `punycode` module is deprecated. Please use a userland alternative instead.
2026-09-02T03:44:06.7555841Z (Use `node --trace-deprecation ...` to show where the warning was created)
2026-09-02T03:44:06.7598031Z Successfully set up CPython (3.12.14)
2026-09-02T03:44:06.7600603Z ##[endgroup]
2026-09-02T03:44:06.7756140Z ##[group]Run pip install -r requirements.txt -r requirements-dev.txt
2026-09-02T03:44:06.7757693Z [36;1mpip install -r requirements.txt -r requirements-dev.txt[0m
2026-09-02T03:44:06.7759059Z [36;1mpip install httpx[0m
2026-09-02T03:44:06.7822082Z shell: /usr/bin/bash -e {0}
2026-09-02T03:44:06.7823489Z env:
2026-09-02T03:44:06.7824854Z   pythonLocation: /opt/hostedtoolcache/Python/3.12.14/x64
2026-09-02T03:44:06.7826729Z   PKG_CONFIG_PATH: /opt/hostedtoolcache/Python/3.12.14/x64/lib/pkgconfig
2026-09-02T03:44:06.7828392Z   Python_ROOT_DIR: /opt/hostedtoolcache/Python/3.12.14/x64
2026-09-02T03:44:06.7829989Z   Python2_ROOT_DIR: /opt/hostedtoolcache/Python/3.12.14/x64
2026-09-02T03:44:06.7832258Z   Python3_ROOT_DIR: /opt/hostedtoolcache/Python/3.12.14/x64
2026-09-02T03:44:06.7834022Z   LD_LIBRARY_PATH: /opt/hostedtoolcache/Python/3.12.14/x64/lib
2026-09-02T03:44:06.7835192Z ##[endgroup]
2026-09-02T03:44:08.8021464Z Collecting fastapi==0.141.1 (from -r requirements.txt (line 1))
2026-09-02T03:44:08.9026840Z   Downloading fastapi-0.141.1-py3-none-any.whl.metadata (27 kB)
2026-09-02T03:44:08.9526558Z Collecting uvicorn==0.29.0 (from uvicorn[standard]==0.29.0->-r requirements.txt (line 2))
2026-09-02T03:44:08.9732507Z   Downloading uvicorn-0.29.0-py3-none-any.whl.metadata (6.3 kB)
2026-09-02T03:44:09.0029307Z Collecting httpx==0.27.0 (from -r requirements.txt (line 3))
2026-09-02T03:44:09.0238744Z   Downloading httpx-0.27.0-py3-none-any.whl.metadata (7.2 kB)
2026-09-02T03:44:09.1772886Z Collecting pydantic==2.11.5 (from -r requirements.txt (line 4))
2026-09-02T03:44:09.1979778Z   Downloading pydantic-2.11.5-py3-none-any.whl.metadata (67 kB)
2026-09-02T03:44:09.2446982Z Collecting PyJWT==2.13.0 (from -r requirements.txt (line 5))
2026-09-02T03:44:09.2654842Z   Downloading pyjwt-2.13.0-py3-none-any.whl.metadata (3.4 kB)
2026-09-02T03:44:09.3486654Z Collecting psycopg2-binary==2.9.9 (from -r requirements.txt (line 6))
2026-09-02T03:44:09.3767386Z   Downloading psycopg2_binary-2.9.9-cp312-cp312-manylinux_2_17_x86_64.manylinux2014_x86_64.whl.metadata (4.4 kB)
2026-09-02T03:44:09.4192941Z Collecting pytest==9.0.3 (from -r requirements-dev.txt (line 3))
2026-09-02T03:44:09.4403238Z   Downloading pytest-9.0.3-py3-none-any.whl.metadata (7.6 kB)
2026-09-02T03:44:09.4677037Z Collecting pytest-cov==5.0.0 (from -r requirements-dev.txt (line 4))
2026-09-02T03:44:09.4889920Z   Downloading pytest_cov-5.0.0-py3-none-any.whl.metadata (27 kB)
2026-09-02T03:44:09.9537527Z Collecting coverage==7.5.3 (from -r requirements-dev.txt (line 5))
2026-09-02T03:44:09.9844692Z   Downloading coverage-7.5.3-cp312-cp312-manylinux_2_5_x86_64.manylinux1_x86_64.manylinux_2_17_x86_64.manylinux2014_x86_64.whl.metadata (8.2 kB)
2026-09-02T03:44:10.0122706Z Collecting pip-audit==2.7.3 (from -r requirements-dev.txt (line 6))
2026-09-02T03:44:10.0348455Z   Downloading pip_audit-2.7.3-py3-none-any.whl.metadata (26 kB)
2026-09-02T03:44:10.4225339Z Collecting ruff==0.4.4 (from -r requirements-dev.txt (line 7))
2026-09-02T03:44:10.4450119Z   Downloading ruff-0.4.4-py3-none-manylinux_2_17_x86_64.manylinux2014_x86_64.whl.metadata (23 kB)
2026-09-02T03:44:10.4749506Z Collecting bandit==1.7.9 (from -r requirements-dev.txt (line 8))
2026-09-02T03:44:10.4971610Z   Downloading bandit-1.7.9-py3-none-any.whl.metadata (6.7 kB)
2026-09-02T03:44:10.5332694Z Collecting starlette>=0.46.0 (from fastapi==0.141.1->-r requirements.txt (line 1))
2026-09-02T03:44:10.5541986Z   Downloading starlette-1.6.0-py3-none-any.whl.metadata (6.4 kB)
2026-09-02T03:44:10.5835823Z Collecting typing-extensions>=4.8.0 (from fastapi==0.141.1->-r requirements.txt (line 1))
2026-09-02T03:44:10.6038640Z   Downloading typing_extensions-4.16.0-py3-none-any.whl.metadata (3.3 kB)
2026-09-02T03:44:10.6251000Z Collecting typing-inspection>=0.4.2 (from fastapi==0.141.1->-r requirements.txt (line 1))
2026-09-02T03:44:10.6456832Z   Downloading typing_inspection-0.4.4-py3-none-any.whl.metadata (2.6 kB)
2026-09-02T03:44:10.6663670Z Collecting annotated-doc>=0.0.2 (from fastapi==0.141.1->-r requirements.txt (line 1))
2026-09-02T03:44:10.6872524Z   Downloading annotated_doc-0.0.5-py3-none-any.whl.metadata (6.5 kB)
2026-09-02T03:44:10.7168322Z Collecting click>=7.0 (from uvicorn==0.29.0->uvicorn[standard]==0.29.0->-r requirements.txt (line 2))
2026-09-02T03:44:10.7377027Z   Downloading click-8.5.0-py3-none-any.whl.metadata (2.6 kB)
2026-09-02T03:44:10.7613330Z Collecting h11>=0.8 (from uvicorn==0.29.0->uvicorn[standard]==0.29.0->-r requirements.txt (line 2))
2026-09-02T03:44:10.7816246Z   Downloading h11-0.16.0-py3-none-any.whl.metadata (8.3 kB)
2026-09-02T03:44:10.8193645Z Collecting anyio (from httpx==0.27.0->-r requirements.txt (line 3))
2026-09-02T03:44:10.8398751Z   Downloading anyio-4.14.2-py3-none-any.whl.metadata (4.6 kB)
2026-09-02T03:44:10.8703167Z Collecting certifi (from httpx==0.27.0->-r requirements.txt (line 3))
2026-09-02T03:44:10.8905175Z   Downloading certifi-2026.7.22-py3-none-any.whl.metadata (2.5 kB)
2026-09-02T03:44:10.9214566Z Collecting httpcore==1.* (from httpx==0.27.0->-r requirements.txt (line 3))
2026-09-02T03:44:10.9421636Z   Downloading httpcore-1.0.9-py3-none-any.whl.metadata (21 kB)
2026-09-02T03:44:10.9692452Z Collecting idna (from httpx==0.27.0->-r requirements.txt (line 3))
2026-09-02T03:44:10.9900405Z   Downloading idna-3.19-py3-none-any.whl.metadata (9.2 kB)
2026-09-02T03:44:11.0115563Z Collecting sniffio (from httpx==0.27.0->-r requirements.txt (line 3))
2026-09-02T03:44:11.0318267Z   Downloading sniffio-1.3.1-py3-none-any.whl.metadata (3.9 kB)
2026-09-02T03:44:11.0553314Z Collecting annotated-types>=0.6.0 (from pydantic==2.11.5->-r requirements.txt (line 4))
2026-09-02T03:44:11.0760837Z   Downloading annotated_types-0.8.0-py3-none-any.whl.metadata (15 kB)
2026-09-02T03:44:11.7859442Z Collecting pydantic-core==2.33.2 (from pydantic==2.11.5->-r requirements.txt (line 4))
2026-09-02T03:44:11.8111780Z   Downloading pydantic_core-2.33.2-cp312-cp312-manylinux_2_17_x86_64.manylinux2014_x86_64.whl.metadata (6.8 kB)
2026-09-02T03:44:11.8358287Z Collecting iniconfig>=1.0.1 (from pytest==9.0.3->-r requirements-dev.txt (line 3))
2026-09-02T03:44:11.8568356Z   Downloading iniconfig-2.3.0-py3-none-any.whl.metadata (2.5 kB)
2026-09-02T03:44:11.8825369Z Collecting packaging>=22 (from pytest==9.0.3->-r requirements-dev.txt (line 3))
2026-09-02T03:44:11.9028807Z   Downloading packaging-26.3-py3-none-any.whl.metadata (3.5 kB)
2026-09-02T03:44:11.9263535Z Collecting pluggy<2,>=1.5 (from pytest==9.0.3->-r requirements-dev.txt (line 3))
2026-09-02T03:44:11.9469767Z   Downloading pluggy-1.6.0-py3-none-any.whl.metadata (4.8 kB)
2026-09-02T03:44:11.9825716Z Collecting pygments>=2.7.2 (from pytest==9.0.3->-r requirements-dev.txt (line 3))
2026-09-02T03:44:12.0034841Z   Downloading pygments-2.21.0-py3-none-any.whl.metadata (2.5 kB)
2026-09-02T03:44:12.0342025Z Collecting CacheControl>=0.13.0 (from CacheControl[filecache]>=0.13.0->pip-audit==2.7.3->-r requirements-dev.txt (line 6))
2026-09-02T03:44:12.0548404Z   Downloading cachecontrol-0.14.4-py3-none-any.whl.metadata (3.1 kB)
2026-09-02T03:44:12.0981629Z Collecting cyclonedx-python-lib<8,>=5 (from pip-audit==2.7.3->-r requirements-dev.txt (line 6))
2026-09-02T03:44:12.1209041Z   Downloading cyclonedx_python_lib-7.6.2-py3-none-any.whl.metadata (6.7 kB)
2026-09-02T03:44:12.1462090Z Collecting html5lib>=1.1 (from pip-audit==2.7.3->-r requirements-dev.txt (line 6))
2026-09-02T03:44:12.1681703Z   Downloading html5lib-1.1-py2.py3-none-any.whl.metadata (16 kB)
2026-09-02T03:44:12.1974476Z Collecting pip-api>=0.0.28 (from pip-audit==2.7.3->-r requirements-dev.txt (line 6))
2026-09-02T03:44:12.2184737Z   Downloading pip_api-0.0.34-py3-none-any.whl.metadata (6.6 kB)
2026-09-02T03:44:12.2424609Z Collecting pip-requirements-parser>=32.0.0 (from pip-audit==2.7.3->-r requirements-dev.txt (line 6))
2026-09-02T03:44:12.2631916Z   Downloading pip_requirements_parser-32.0.1-py3-none-any.whl.metadata (9.3 kB)
2026-09-02T03:44:12.2962473Z Collecting requests>=2.31.0 (from pip-audit==2.7.3->-r requirements-dev.txt (line 6))
2026-09-02T03:44:12.3171382Z   Downloading requests-2.34.2-py3-none-any.whl.metadata (4.8 kB)
2026-09-02T03:44:12.3593931Z Collecting rich>=12.4 (from pip-audit==2.7.3->-r requirements-dev.txt (line 6))
2026-09-02T03:44:12.3803279Z   Downloading rich-15.0.0-py3-none-any.whl.metadata (18 kB)
2026-09-02T03:44:12.4110709Z Collecting toml>=0.10 (from pip-audit==2.7.3->-r requirements-dev.txt (line 6))
2026-09-02T03:44:12.4314421Z   Downloading toml-0.10.2-py2.py3-none-any.whl.metadata (7.1 kB)
2026-09-02T03:44:12.4789690Z Collecting PyYAML>=5.3.1 (from bandit==1.7.9->-r requirements-dev.txt (line 8))
2026-09-02T03:44:12.4995934Z   Downloading pyyaml-6.0.3-cp312-cp312-manylinux2014_x86_64.manylinux_2_17_x86_64.manylinux_2_28_x86_64.whl.metadata (2.4 kB)
2026-09-02T03:44:12.5293252Z Collecting stevedore>=1.20.0 (from bandit==1.7.9->-r requirements-dev.txt (line 8))
2026-09-02T03:44:12.5504272Z   Downloading stevedore-5.9.1-py3-none-any.whl.metadata (2.3 kB)
2026-09-02T03:44:12.5950189Z Collecting httptools>=0.5.0 (from uvicorn[standard]==0.29.0->-r requirements.txt (line 2))
2026-09-02T03:44:12.6155822Z   Downloading httptools-0.8.0-cp312-cp312-manylinux1_x86_64.manylinux_2_28_x86_64.manylinux_2_5_x86_64.whl.metadata (3.5 kB)
2026-09-02T03:44:12.6449608Z Collecting python-dotenv>=0.13 (from uvicorn[standard]==0.29.0->-r requirements.txt (line 2))
2026-09-02T03:44:12.6658814Z   Downloading python_dotenv-1.2.3-py3-none-any.whl.metadata (29 kB)
2026-09-02T03:44:12.7179796Z Collecting uvloop!=0.15.0,!=0.15.1,>=0.14.0 (from uvicorn[standard]==0.29.0->-r requirements.txt (line 2))
2026-09-02T03:44:12.7385694Z   Downloading uvloop-0.22.1-cp312-cp312-manylinux2014_x86_64.manylinux_2_17_x86_64.manylinux_2_28_x86_64.whl.metadata (4.9 kB)
2026-09-02T03:44:12.8236077Z Collecting watchfiles>=0.13 (from uvicorn[standard]==0.29.0->-r requirements.txt (line 2))
2026-09-02T03:44:12.8443882Z   Downloading watchfiles-1.2.0-cp312-cp312-manylinux_2_17_x86_64.manylinux2014_x86_64.whl.metadata (4.9 kB)
2026-09-02T03:44:13.0068164Z Collecting websockets>=10.4 (from uvicorn[standard]==0.29.0->-r requirements.txt (line 2))
2026-09-02T03:44:13.0278207Z   Downloading websockets-17.1-cp312-cp312-manylinux1_x86_64.manylinux_2_28_x86_64.manylinux_2_5_x86_64.whl.metadata (6.3 kB)
2026-09-02T03:44:13.0542717Z Collecting license-expression<31,>=30 (from cyclonedx-python-lib<8,>=5->pip-audit==2.7.3->-r requirements-dev.txt (line 6))
2026-09-02T03:44:13.0748944Z   Downloading license_expression-30.4.4-py3-none-any.whl.metadata (11 kB)
2026-09-02T03:44:13.1034367Z Collecting packageurl-python<2,>=0.11 (from cyclonedx-python-lib<8,>=5->pip-audit==2.7.3->-r requirements-dev.txt (line 6))
2026-09-02T03:44:13.1240188Z   Downloading packageurl_python-0.17.6-py3-none-any.whl.metadata (5.1 kB)
2026-09-02T03:44:13.1536255Z Collecting py-serializable<2.0.0,>=1.1.0 (from cyclonedx-python-lib<8,>=5->pip-audit==2.7.3->-r requirements-dev.txt (line 6))
2026-09-02T03:44:13.1743276Z   Downloading py_serializable-1.1.2-py3-none-any.whl.metadata (4.2 kB)
2026-09-02T03:44:13.1986030Z Collecting sortedcontainers<3.0.0,>=2.4.0 (from cyclonedx-python-lib<8,>=5->pip-audit==2.7.3->-r requirements-dev.txt (line 6))
2026-09-02T03:44:13.2199983Z   Downloading sortedcontainers-2.4.0-py2.py3-none-any.whl.metadata (10 kB)
2026-09-02T03:44:13.2489688Z Collecting boolean.py>=4.0 (from license-expression<31,>=30->cyclonedx-python-lib<8,>=5->pip-audit==2.7.3->-r requirements-dev.txt (line 6))
2026-09-02T03:44:13.2693992Z   Downloading boolean_py-5.0-py3-none-any.whl.metadata (2.3 kB)
2026-09-02T03:44:13.2956069Z Collecting defusedxml<0.8.0,>=0.7.1 (from py-serializable<2.0.0,>=1.1.0->cyclonedx-python-lib<8,>=5->pip-audit==2.7.3->-r requirements-dev.txt (line 6))
2026-09-02T03:44:13.3158497Z   Downloading defusedxml-0.7.1-py2.py3-none-any.whl.metadata (32 kB)
2026-09-02T03:44:13.4156570Z Collecting msgpack<2.0.0,>=0.5.2 (from CacheControl>=0.13.0->CacheControl[filecache]>=0.13.0->pip-audit==2.7.3->-r requirements-dev.txt (line 6))
2026-09-02T03:44:13.4364266Z   Downloading msgpack-1.2.2-cp312-cp312-manylinux2014_x86_64.manylinux_2_17_x86_64.manylinux_2_28_x86_64.whl.metadata (8.3 kB)
2026-09-02T03:44:13.4713319Z Collecting filelock>=3.8.0 (from CacheControl[filecache]>=0.13.0->pip-audit==2.7.3->-r requirements-dev.txt (line 6))
2026-09-02T03:44:13.4925133Z   Downloading filelock-3.32.5-py3-none-any.whl.metadata (2.0 kB)
2026-09-02T03:44:13.5241827Z Collecting six>=1.9 (from html5lib>=1.1->pip-audit==2.7.3->-r requirements-dev.txt (line 6))
2026-09-02T03:44:13.5449151Z   Downloading six-1.17.0-py2.py3-none-any.whl.metadata (1.7 kB)
2026-09-02T03:44:13.5665320Z Collecting webencodings (from html5lib>=1.1->pip-audit==2.7.3->-r requirements-dev.txt (line 6))
2026-09-02T03:44:13.5877361Z   Downloading webencodings-0.6.1-py3-none-any.whl.metadata (3.4 kB)
2026-09-02T03:44:13.5985945Z Requirement already satisfied: pip in /opt/hostedtoolcache/Python/3.12.14/x64/lib/python3.12/site-packages (from pip-api>=0.0.28->pip-audit==2.7.3->-r requirements-dev.txt (line 6)) (26.2.1)
2026-09-02T03:44:13.6320561Z Collecting pyparsing (from pip-requirements-parser>=32.0.0->pip-audit==2.7.3->-r requirements-dev.txt (line 6))
2026-09-02T03:44:13.6525169Z   Downloading pyparsing-3.3.2-py3-none-any.whl.metadata (5.8 kB)
2026-09-02T03:44:13.7850713Z Collecting charset_normalizer<4,>=2 (from requests>=2.31.0->pip-audit==2.7.3->-r requirements-dev.txt (line 6))
2026-09-02T03:44:13.8067465Z   Downloading charset_normalizer-3.5.1-cp312-cp312-manylinux2014_x86_64.manylinux_2_17_x86_64.manylinux_2_28_x86_64.whl.metadata (45 kB)
2026-09-02T03:44:13.8453073Z Collecting urllib3<3,>=1.26 (from requests>=2.31.0->pip-audit==2.7.3->-r requirements-dev.txt (line 6))
2026-09-02T03:44:13.8662045Z   Downloading urllib3-2.7.0-py3-none-any.whl.metadata (6.9 kB)
2026-09-02T03:44:13.8972566Z Collecting markdown-it-py>=2.2.0 (from rich>=12.4->pip-audit==2.7.3->-r requirements-dev.txt (line 6))
2026-09-02T03:44:13.9182858Z   Downloading markdown_it_py-4.2.0-py3-none-any.whl.metadata (7.4 kB)
2026-09-02T03:44:13.9451395Z Collecting mdurl~=0.1 (from markdown-it-py>=2.2.0->rich>=12.4->pip-audit==2.7.3->-r requirements-dev.txt (line 6))
2026-09-02T03:44:13.9655856Z   Downloading mdurl-0.1.2-py3-none-any.whl.metadata (1.6 kB)
2026-09-02T03:44:14.0142477Z Downloading fastapi-0.141.1-py3-none-any.whl (131 kB)
2026-09-02T03:44:14.0561303Z Downloading uvicorn-0.29.0-py3-none-any.whl (60 kB)
2026-09-02T03:44:14.0801466Z Downloading httpx-0.27.0-py3-none-any.whl (75 kB)
2026-09-02T03:44:14.1043739Z Downloading pydantic-2.11.5-py3-none-any.whl (444 kB)
2026-09-02T03:44:14.1525171Z Downloading pyjwt-2.13.0-py3-none-any.whl (31 kB)
2026-09-02T03:44:14.1753252Z Downloading psycopg2_binary-2.9.9-cp312-cp312-manylinux_2_17_x86_64.manylinux2014_x86_64.whl (3.0 MB)
2026-09-02T03:44:14.2551838Z    ━━━━━━━━━━━━━━━━━━━━━━━━━━━━━━━━━━━━━━━━ 3.0/3.0 MB 37.0 MB/s  0:00:00
2026-09-02T03:44:14.2764520Z Downloading pytest-9.0.3-py3-none-any.whl (375 kB)
2026-09-02T03:44:14.3013823Z Downloading pytest_cov-5.0.0-py3-none-any.whl (21 kB)
2026-09-02T03:44:14.3284129Z Downloading coverage-7.5.3-cp312-cp312-manylinux_2_5_x86_64.manylinux1_x86_64.manylinux_2_17_x86_64.manylinux2014_x86_64.whl (236 kB)
2026-09-02T03:44:14.3539014Z Downloading pip_audit-2.7.3-py3-none-any.whl (56 kB)
2026-09-02T03:44:14.3785460Z Downloading ruff-0.4.4-py3-none-manylinux_2_17_x86_64.manylinux2014_x86_64.whl (8.7 MB)
2026-09-02T03:44:14.4570938Z    ━━━━━━━━━━━━━━━━━━━━━━━━━━━━━━━━━━━━━━━━ 8.7/8.7 MB 111.1 MB/s  0:00:00
2026-09-02T03:44:14.4793259Z Downloading bandit-1.7.9-py3-none-any.whl (127 kB)
2026-09-02T03:44:14.5030035Z Downloading pydantic_core-2.33.2-cp312-cp312-manylinux_2_17_x86_64.manylinux2014_x86_64.whl (2.0 MB)
2026-09-02T03:44:14.5162541Z    ━━━━━━━━━━━━━━━━━━━━━━━━━━━━━━━━━━━━━━━━ 2.0/2.0 MB 160.8 MB/s  0:00:00
2026-09-02T03:44:14.5367264Z Downloading cyclonedx_python_lib-7.6.2-py3-none-any.whl (361 kB)
2026-09-02T03:44:14.5617591Z Downloading httpcore-1.0.9-py3-none-any.whl (78 kB)
2026-09-02T03:44:14.5853434Z Downloading license_expression-30.4.4-py3-none-any.whl (120 kB)
2026-09-02T03:44:14.6085539Z Downloading packageurl_python-0.17.6-py3-none-any.whl (36 kB)
2026-09-02T03:44:14.6318229Z Downloading pluggy-1.6.0-py3-none-any.whl (20 kB)
2026-09-02T03:44:14.6569980Z Downloading py_serializable-1.1.2-py3-none-any.whl (22 kB)
2026-09-02T03:44:14.6798590Z Downloading defusedxml-0.7.1-py2.py3-none-any.whl (25 kB)
2026-09-02T03:44:14.7033004Z Downloading sortedcontainers-2.4.0-py2.py3-none-any.whl (29 kB)
2026-09-02T03:44:14.7262785Z Downloading annotated_doc-0.0.5-py3-none-any.whl (5.3 kB)
2026-09-02T03:44:14.7492354Z Downloading annotated_types-0.8.0-py3-none-any.whl (13 kB)
2026-09-02T03:44:14.7726530Z Downloading boolean_py-5.0-py3-none-any.whl (26 kB)
2026-09-02T03:44:14.7959384Z Downloading cachecontrol-0.14.4-py3-none-any.whl (22 kB)
2026-09-02T03:44:14.8191223Z Downloading msgpack-1.2.2-cp312-cp312-manylinux2014_x86_64.manylinux_2_17_x86_64.manylinux_2_28_x86_64.whl (420 kB)
2026-09-02T03:44:14.8429471Z Downloading click-8.5.0-py3-none-any.whl (125 kB)
2026-09-02T03:44:14.8671634Z Downloading filelock-3.32.5-py3-none-any.whl (100 kB)
2026-09-02T03:44:14.8906670Z Downloading h11-0.16.0-py3-none-any.whl (37 kB)
2026-09-02T03:44:14.9136694Z Downloading html5lib-1.1-py2.py3-none-any.whl (112 kB)
2026-09-02T03:44:14.9371789Z Downloading httptools-0.8.0-cp312-cp312-manylinux1_x86_64.manylinux_2_28_x86_64.manylinux_2_5_x86_64.whl (523 kB)
2026-09-02T03:44:14.9613038Z Downloading iniconfig-2.3.0-py3-none-any.whl (7.5 kB)
2026-09-02T03:44:14.9844539Z Downloading packaging-26.3-py3-none-any.whl (129 kB)
2026-09-02T03:44:15.0081300Z Downloading pip_api-0.0.34-py3-none-any.whl (120 kB)
2026-09-02T03:44:15.0313908Z Downloading pip_requirements_parser-32.0.1-py3-none-any.whl (35 kB)
2026-09-02T03:44:15.0550909Z Downloading pygments-2.21.0-py3-none-any.whl (1.3 MB)
2026-09-02T03:44:15.0644389Z    ━━━━━━━━━━━━━━━━━━━━━━━━━━━━━━━━━━━━━━━━ 1.3/1.3 MB 157.0 MB/s  0:00:00
2026-09-02T03:44:15.0849922Z Downloading python_dotenv-1.2.3-py3-none-any.whl (22 kB)
2026-09-02T03:44:15.1084264Z Downloading pyyaml-6.0.3-cp312-cp312-manylinux2014_x86_64.manylinux_2_17_x86_64.manylinux_2_28_x86_64.whl (807 kB)
2026-09-02T03:44:15.1158252Z    ━━━━━━━━━━━━━━━━━━━━━━━━━━━━━━━━━━━━━━━━ 807.9/807.9 kB 121.1 MB/s  0:00:00
2026-09-02T03:44:15.1363071Z Downloading requests-2.34.2-py3-none-any.whl (73 kB)
2026-09-02T03:44:15.1595653Z Downloading charset_normalizer-3.5.1-cp312-cp312-manylinux2014_x86_64.manylinux_2_17_x86_64.manylinux_2_28_x86_64.whl (248 kB)
2026-09-02T03:44:15.1830001Z Downloading idna-3.19-py3-none-any.whl (68 kB)
2026-09-02T03:44:15.2059861Z Downloading urllib3-2.7.0-py3-none-any.whl (131 kB)
2026-09-02T03:44:15.2292853Z Downloading certifi-2026.7.22-py3-none-any.whl (136 kB)
2026-09-02T03:44:15.2526975Z Downloading rich-15.0.0-py3-none-any.whl (310 kB)
2026-09-02T03:44:15.2764753Z Downloading markdown_it_py-4.2.0-py3-none-any.whl (91 kB)
2026-09-02T03:44:15.2995741Z Downloading mdurl-0.1.2-py3-none-any.whl (10.0 kB)
2026-09-02T03:44:15.3224163Z Downloading six-1.17.0-py2.py3-none-any.whl (11 kB)
2026-09-02T03:44:15.3461076Z Downloading starlette-1.6.0-py3-none-any.whl (75 kB)
2026-09-02T03:44:15.3689615Z Downloading anyio-4.14.2-py3-none-any.whl (125 kB)
2026-09-02T03:44:15.3916324Z Downloading stevedore-5.9.1-py3-none-any.whl (54 kB)
2026-09-02T03:44:15.4142907Z Downloading toml-0.10.2-py2.py3-none-any.whl (16 kB)
2026-09-02T03:44:15.4375313Z Downloading typing_extensions-4.16.0-py3-none-any.whl (45 kB)
2026-09-02T03:44:15.4609559Z Downloading typing_inspection-0.4.4-py3-none-any.whl (14 kB)
2026-09-02T03:44:15.4844251Z Downloading uvloop-0.22.1-cp312-cp312-manylinux2014_x86_64.manylinux_2_17_x86_64.manylinux_2_28_x86_64.whl (4.4 MB)
2026-09-02T03:44:15.4999665Z    ━━━━━━━━━━━━━━━━━━━━━━━━━━━━━━━━━━━━━━━━ 4.4/4.4 MB 324.1 MB/s  0:00:00
2026-09-02T03:44:15.5210857Z Downloading watchfiles-1.2.0-cp312-cp312-manylinux_2_17_x86_64.manylinux2014_x86_64.whl (456 kB)
2026-09-02T03:44:15.5487334Z Downloading websockets-17.1-cp312-cp312-manylinux1_x86_64.manylinux_2_28_x86_64.manylinux_2_5_x86_64.whl (224 kB)
2026-09-02T03:44:15.5726526Z Downloading pyparsing-3.3.2-py3-none-any.whl (122 kB)
2026-09-02T03:44:15.5961246Z Downloading sniffio-1.3.1-py3-none-any.whl (10 kB)
2026-09-02T03:44:15.6187621Z Downloading webencodings-0.6.1-py3-none-any.whl (8.7 kB)
2026-09-02T03:44:15.9745356Z Installing collected packages: sortedcontainers, boolean.py, websockets, webencodings, uvloop, urllib3, typing-extensions, toml, stevedore, sniffio, six, ruff, PyYAML, python-dotenv, pyparsing, PyJWT, pygments, psycopg2-binary, pluggy, pip-api, packaging, packageurl-python, msgpack, mdurl, license-expression, iniconfig, idna, httptools, h11, filelock, defusedxml, coverage, click, charset_normalizer, certifi, annotated-types, annotated-doc, uvicorn, typing-inspection, requests, pytest, pydantic-core, py-serializable, pip-requirements-parser, markdown-it-py, httpcore, html5lib, anyio, watchfiles, starlette, rich, pytest-cov, pydantic, httpx, cyclonedx-python-lib, CacheControl, fastapi, bandit, pip-audit
2026-09-02T03:44:20.0691943Z 
2026-09-02T03:44:20.0745419Z Successfully installed CacheControl-0.14.4 PyJWT-2.13.0 PyYAML-6.0.3 annotated-doc-0.0.5 annotated-types-0.8.0 anyio-4.14.2 bandit-1.7.9 boolean.py-5.0 certifi-2026.7.22 charset_normalizer-3.5.1 click-8.5.0 coverage-7.5.3 cyclonedx-python-lib-7.6.2 defusedxml-0.7.1 fastapi-0.141.1 filelock-3.32.5 h11-0.16.0 html5lib-1.1 httpcore-1.0.9 httptools-0.8.0 httpx-0.27.0 idna-3.19 iniconfig-2.3.0 license-expression-30.4.4 markdown-it-py-4.2.0 mdurl-0.1.2 msgpack-1.2.2 packageurl-python-0.17.6 packaging-26.3 pip-api-0.0.34 pip-audit-2.7.3 pip-requirements-parser-32.0.1 pluggy-1.6.0 psycopg2-binary-2.9.9 py-serializable-1.1.2 pydantic-2.11.5 pydantic-core-2.33.2 pygments-2.21.0 pyparsing-3.3.2 pytest-9.0.3 pytest-cov-5.0.0 python-dotenv-1.2.3 requests-2.34.2 rich-15.0.0 ruff-0.4.4 six-1.17.0 sniffio-1.3.1 sortedcontainers-2.4.0 starlette-1.6.0 stevedore-5.9.1 toml-0.10.2 typing-extensions-4.16.0 typing-inspection-0.4.4 urllib3-2.7.0 uvicorn-0.29.0 uvloop-0.22.1 watchfiles-1.2.0 webencodings-0.6.1 websockets-17.1
2026-09-02T03:44:20.6444192Z Requirement already satisfied: httpx in /opt/hostedtoolcache/Python/3.12.14/x64/lib/python3.12/site-packages (0.27.0)
2026-09-02T03:44:20.6454733Z Requirement already satisfied: anyio in /opt/hostedtoolcache/Python/3.12.14/x64/lib/python3.12/site-packages (from httpx) (4.14.2)
2026-09-02T03:44:20.6459603Z Requirement already satisfied: certifi in /opt/hostedtoolcache/Python/3.12.14/x64/lib/python3.12/site-packages (from httpx) (2026.7.22)
2026-09-02T03:44:20.6464947Z Requirement already satisfied: httpcore==1.* in /opt/hostedtoolcache/Python/3.12.14/x64/lib/python3.12/site-packages (from httpx) (1.0.9)
2026-09-02T03:44:20.6469540Z Requirement already satisfied: idna in /opt/hostedtoolcache/Python/3.12.14/x64/lib/python3.12/site-packages (from httpx) (3.19)
2026-09-02T03:44:20.6473899Z Requirement already satisfied: sniffio in /opt/hostedtoolcache/Python/3.12.14/x64/lib/python3.12/site-packages (from httpx) (1.3.1)
2026-09-02T03:44:20.6494638Z Requirement already satisfied: h11>=0.16 in /opt/hostedtoolcache/Python/3.12.14/x64/lib/python3.12/site-packages (from httpcore==1.*->httpx) (0.16.0)
2026-09-02T03:44:20.6514646Z Requirement already satisfied: typing_extensions>=4.5 in /opt/hostedtoolcache/Python/3.12.14/x64/lib/python3.12/site-packages (from anyio->httpx) (4.16.0)
2026-09-02T03:44:20.7568368Z ##[group]Run curl -L -o opa https://openpolicyagent.org/downloads/v0.64.1/opa_linux_amd64_static
2026-09-02T03:44:20.7569180Z [36;1mcurl -L -o opa https://openpolicyagent.org/downloads/v0.64.1/opa_linux_amd64_static[0m
2026-09-02T03:44:20.7569642Z [36;1mchmod +x opa[0m
2026-09-02T03:44:20.7569863Z [36;1m./opa version[0m
2026-09-02T03:44:20.7570102Z [36;1mecho "=== Rego syntax check ==="[0m
2026-09-02T03:44:20.7570419Z [36;1m./opa check policies/custos_governance.rego[0m
2026-09-02T03:44:20.7570753Z [36;1mecho "=== Rego policy format check ==="[0m
2026-09-02T03:44:20.7571118Z [36;1m./opa fmt --diff policies/custos_governance.rego || true[0m
2026-09-02T03:44:20.7610632Z shell: /usr/bin/bash -e {0}
2026-09-02T03:44:20.7610882Z env:
2026-09-02T03:44:20.7611146Z   pythonLocation: /opt/hostedtoolcache/Python/3.12.14/x64
2026-09-02T03:44:20.7611587Z   PKG_CONFIG_PATH: /opt/hostedtoolcache/Python/3.12.14/x64/lib/pkgconfig
2026-09-02T03:44:20.7612043Z   Python_ROOT_DIR: /opt/hostedtoolcache/Python/3.12.14/x64
2026-09-02T03:44:20.7612425Z   Python2_ROOT_DIR: /opt/hostedtoolcache/Python/3.12.14/x64
2026-09-02T03:44:20.7612802Z   Python3_ROOT_DIR: /opt/hostedtoolcache/Python/3.12.14/x64
2026-09-02T03:44:20.7613186Z   LD_LIBRARY_PATH: /opt/hostedtoolcache/Python/3.12.14/x64/lib
2026-09-02T03:44:20.7613507Z ##[endgroup]
2026-09-02T03:44:20.7725371Z   % Total    % Received % Xferd  Average Speed   Time    Time     Time  Current
2026-09-02T03:44:20.7726313Z                                  Dload  Upload   Total   Spent    Left  Speed
2026-09-02T03:44:20.7726738Z 
2026-09-02T03:44:21.0440590Z   0     0    0     0    0     0      0      0 --:--:-- --:--:-- --:--:--     0
2026-09-02T03:44:21.0441395Z 100    87  100    87    0     0    320      0 --:--:-- --:--:-- --:--:--   321
2026-09-02T03:44:21.2628627Z 
2026-09-02T03:44:21.2629317Z   0     0    0     0    0     0      0      0 --:--:-- --:--:-- --:--:--     0
2026-09-02T03:44:21.6293151Z 
2026-09-02T03:44:21.9699189Z  37 40.8M   37 15.1M    0     0  17.7M      0  0:00:02 --:--:--  0:00:02 17.7M
2026-09-02T03:44:21.9700062Z 100 40.8M  100 40.8M    0     0  34.1M      0  0:00:01  0:00:01 --:--:-- 75.4M
2026-09-02T03:44:21.9827562Z Version: 0.64.1
2026-09-02T03:44:21.9828700Z Build Commit: 298f97d79da33ede2bd9ec9cbc5641daa63a8587
2026-09-02T03:44:21.9829536Z Build Timestamp: 2024-04-26T18:20:43Z
2026-09-02T03:44:21.9830101Z Build Hostname: 300718bae913
2026-09-02T03:44:21.9830598Z Go Version: go1.22.2
2026-09-02T03:44:21.9830965Z Platform: linux/amd64
2026-09-02T03:44:21.9831285Z WebAssembly: unavailable
2026-09-02T03:44:21.9836801Z === Rego syntax check ===
2026-09-02T03:44:21.9909609Z 1 error occurred during loading: policies/custos_governance.rego:25: rego_parse_error: unexpected if keyword
2026-09-02T03:44:21.9910382Z 	deny contains "SSN pattern detected" if {
2026-09-02T03:44:21.9910759Z 	                                     ^
2026-09-02T03:44:21.9929231Z ##[error]Process completed with exit code 1.
2026-09-02T03:44:22.0004767Z ##[group]Run pkill -f "opa run" || true
2026-09-02T03:44:22.0005117Z [36;1mpkill -f "opa run" || true[0m
2026-09-02T03:44:22.0044114Z shell: /usr/bin/bash -e {0}
2026-09-02T03:44:22.0044368Z env:
2026-09-02T03:44:22.0044638Z   pythonLocation: /opt/hostedtoolcache/Python/3.12.14/x64
2026-09-02T03:44:22.0045075Z   PKG_CONFIG_PATH: /opt/hostedtoolcache/Python/3.12.14/x64/lib/pkgconfig
2026-09-02T03:44:22.0045502Z   Python_ROOT_DIR: /opt/hostedtoolcache/Python/3.12.14/x64
2026-09-02T03:44:22.0045894Z   Python2_ROOT_DIR: /opt/hostedtoolcache/Python/3.12.14/x64
2026-09-02T03:44:22.0046283Z   Python3_ROOT_DIR: /opt/hostedtoolcache/Python/3.12.14/x64
2026-09-02T03:44:22.0046884Z   LD_LIBRARY_PATH: /opt/hostedtoolcache/Python/3.12.14/x64/lib
2026-09-02T03:44:22.0047227Z ##[endgroup]
2026-09-02T03:44:22.0492474Z Node 20 is being deprecated. This workflow is running with Node 24 by default. If you need to temporarily use Node 20, you can set the ACTIONS_ALLOW_USE_UNSECURE_NODE_VERSION=true environment variable. For more information see: https://github.blog/changelog/2025-09-19-deprecation-of-node-20-on-github-actions-runners/
2026-09-02T03:44:22.0493764Z Post job cleanup.
2026-09-02T03:44:22.1380789Z [command]/usr/bin/git version
2026-09-02T03:44:22.1430426Z git version 2.55.0
2026-09-02T03:44:22.1508772Z Temporarily overriding HOME='/home/runner/work/_temp/57c66c9e-ddb9-4bcc-9235-6a01d61d2b89' before making global git config changes
2026-09-02T03:44:22.1510109Z Adding repository directory to the temporary git global config as a safe directory
2026-09-02T03:44:22.1518770Z [command]/usr/bin/git config --global --add safe.directory /home/runner/work/CUSTOS-CORE/CUSTOS-CORE
2026-09-02T03:44:22.1562945Z [command]/usr/bin/git config --local --name-only --get-regexp core\.sshCommand
2026-09-02T03:44:22.1606597Z [command]/usr/bin/git submodule foreach --recursive sh -c "git config --local --name-only --get-regexp 'core\.sshCommand' && git config --local --unset-all 'core.sshCommand' || :"
2026-09-02T03:44:22.1890275Z [command]/usr/bin/git config --local --name-only --get-regexp http\.https\:\/\/github\.com\/\.extraheader
2026-09-02T03:44:22.1924751Z http.https://github.com/.extraheader
2026-09-02T03:44:22.1950536Z [command]/usr/bin/git config --local --unset-all http.https://github.com/.extraheader
2026-09-02T03:44:22.2019843Z [command]/usr/bin/git submodule foreach --recursive sh -c "git config --local --name-only --get-regexp 'http\.https\:\/\/github\.com\/\.extraheader' && git config --local --unset-all 'http.https://github.com/.extraheader' || :"
2026-09-02T03:44:22.2389755Z [command]/usr/bin/git config --local --name-only --get-regexp ^includeIf\.gitdir:
2026-09-02T03:44:22.2445987Z [command]/usr/bin/git submodule foreach --recursive git config --local --show-origin --name-only --get-regexp remote.origin.url
2026-09-02T03:44:22.2924859Z Cleaning up orphan processes
2026-09-02T03:44:22.3264437Z ##[warning]Node.js 20 is deprecated. The following actions target Node.js 20 but are being forced to run on Node.js 24: actions/checkout@v4, actions/setup-python@v5. For more information see: https://github.blog/changelog/2025-09-19-deprecation-of-node-20-on-github-actions-runners/
